[2026-05-23T14:43:07.824+0530][gc,heap] Heap region size: 1M
[2026-05-23T14:43:07.844+0530][gc     ] Using G1
[2026-05-23T14:43:07.845+0530][gc,heap,coops] Heap address: 0x00000000c0000000, size: 1024 MB, Compressed Oops mode: 32-bit
[2026-05-23T14:43:07.845+0530][gc,cds       ] Mark closed archive regions in map: [0x00000000fff00000, 0x00000000fff6bff8]
[2026-05-23T14:43:07.846+0530][gc,cds       ] Mark open archive regions in map: [0x00000000ffe00000, 0x00000000ffe47ff8]
[2026-05-23T14:43:11.046+0530][gc,start     ] GC(0) Pause Young (Normal) (G1 Evacuation Pause)
[2026-05-23T14:43:11.049+0530][gc,task      ] GC(0) Using 10 workers of 10 for evacuation
[2026-05-23T14:43:11.056+0530][gc,phases    ] GC(0)   Pre Evacuate Collection Set: 0.0ms
[2026-05-23T14:43:11.056+0530][gc,phases    ] GC(0)   Evacuate Collection Set: 5.8ms
[2026-05-23T14:43:11.057+0530][gc,phases    ] GC(0)   Post Evacuate Collection Set: 0.7ms
[2026-05-23T14:43:11.057+0530][gc,phases    ] GC(0)   Other: 3.1ms
[2026-05-23T14:43:11.057+0530][gc,heap      ] GC(0) Eden regions: 51->0(44)
[2026-05-23T14:43:11.057+0530][gc,heap      ] GC(0) Survivor regions: 0->7(7)
[2026-05-23T14:43:11.057+0530][gc,heap      ] GC(0) Old regions: 2->3
[2026-05-23T14:43:11.058+0530][gc,heap      ] GC(0) Humongous regions: 0->0
[2026-05-23T14:43:11.058+0530][gc,metaspace ] GC(0) Metaspace: 12817K(13440K)->12817K(13440K) NonClass: 11181K(11520K)->11181K(11520K) Class: 1636K(1920K)->1636K(1920K)
[2026-05-23T14:43:11.058+0530][gc           ] GC(0) Pause Young (Normal) (G1 Evacuation Pause) 51M->8M(1024M) 11.699ms
[2026-05-23T14:43:11.058+0530][gc,cpu       ] GC(0) User=0.02s Sys=0.03s Real=0.02s
[2026-05-23T14:43:11.793+0530][gc,start     ] GC(1) Pause Young (Concurrent Start) (Metadata GC Threshold)
[2026-05-23T14:43:11.794+0530][gc,task      ] GC(1) Using 10 workers of 10 for evacuation
[2026-05-23T14:43:11.801+0530][gc,phases    ] GC(1)   Pre Evacuate Collection Set: 0.1ms
[2026-05-23T14:43:11.801+0530][gc,phases    ] GC(1)   Evacuate Collection Set: 6.1ms
[2026-05-23T14:43:11.802+0530][gc,phases    ] GC(1)   Post Evacuate Collection Set: 0.6ms
[2026-05-23T14:43:11.802+0530][gc,phases    ] GC(1)   Other: 0.9ms
[2026-05-23T14:43:11.802+0530][gc,heap      ] GC(1) Eden regions: 42->0(49)
[2026-05-23T14:43:11.802+0530][gc,heap      ] GC(1) Survivor regions: 7->2(7)
[2026-05-23T14:43:11.803+0530][gc,heap      ] GC(1) Old regions: 3->10
[2026-05-23T14:43:11.803+0530][gc,heap      ] GC(1) Humongous regions: 0->0
[2026-05-23T14:43:11.803+0530][gc,metaspace ] GC(1) Metaspace: 20356K(21248K)->20356K(21248K) NonClass: 18131K(18688K)->18131K(18688K) Class: 2224K(2560K)->2224K(2560K)
[2026-05-23T14:43:11.803+0530][gc           ] GC(1) Pause Young (Concurrent Start) (Metadata GC Threshold) 50M->9M(1024M) 9.692ms
[2026-05-23T14:43:11.803+0530][gc,cpu       ] GC(1) User=0.04s Sys=0.01s Real=0.01s
[2026-05-23T14:43:11.804+0530][gc           ] GC(2) Concurrent Cycle
[2026-05-23T14:43:11.804+0530][gc,marking   ] GC(2) Concurrent Clear Claimed Marks
[2026-05-23T14:43:11.804+0530][gc,marking   ] GC(2) Concurrent Clear Claimed Marks 0.289ms
[2026-05-23T14:43:11.804+0530][gc,marking   ] GC(2) Concurrent Scan Root Regions
[2026-05-23T14:43:11.806+0530][gc,marking   ] GC(2) Concurrent Scan Root Regions 1.139ms
[2026-05-23T14:43:11.806+0530][gc,marking   ] GC(2) Concurrent Mark (3.257s)
[2026-05-23T14:43:11.806+0530][gc,marking   ] GC(2) Concurrent Mark From Roots
[2026-05-23T14:43:11.807+0530][gc,task      ] GC(2) Using 3 workers of 3 for marking
[2026-05-23T14:43:11.810+0530][gc,marking   ] GC(2) Concurrent Mark From Roots 3.759ms
[2026-05-23T14:43:11.810+0530][gc,marking   ] GC(2) Concurrent Preclean
[2026-05-23T14:43:11.811+0530][gc,marking   ] GC(2) Concurrent Preclean 0.516ms
[2026-05-23T14:43:11.811+0530][gc,marking   ] GC(2) Concurrent Mark (3.257s, 3.262s) 5.171ms
[2026-05-23T14:43:11.812+0530][gc,start     ] GC(2) Pause Remark
[2026-05-23T14:43:11.813+0530][gc,stringtable] GC(2) Cleaned string and symbol table, strings: 6414 processed, 0 removed, symbols: 47569 processed, 45 removed
[2026-05-23T14:43:11.814+0530][gc            ] GC(2) Pause Remark 10M->10M(1024M) 2.765ms
[2026-05-23T14:43:11.815+0530][gc,cpu        ] GC(2) User=0.01s Sys=0.00s Real=0.00s
[2026-05-23T14:43:11.815+0530][gc,marking    ] GC(2) Concurrent Rebuild Remembered Sets
[2026-05-23T14:43:11.816+0530][gc,marking    ] GC(2) Concurrent Rebuild Remembered Sets 1.490ms
[2026-05-23T14:43:11.817+0530][gc,start      ] GC(2) Pause Cleanup
[2026-05-23T14:43:11.817+0530][gc            ] GC(2) Pause Cleanup 10M->10M(1024M) 0.477ms
[2026-05-23T14:43:11.818+0530][gc,cpu        ] GC(2) User=0.00s Sys=0.00s Real=0.00s
[2026-05-23T14:43:11.818+0530][gc,marking    ] GC(2) Concurrent Cleanup for Next Mark
[2026-05-23T14:43:11.827+0530][gc,marking    ] GC(2) Concurrent Cleanup for Next Mark 8.663ms
[2026-05-23T14:43:11.827+0530][gc            ] GC(2) Concurrent Cycle 23.332ms
[2026-05-23T14:43:12.738+0530][gc,start      ] GC(3) Pause Young (Normal) (G1 Evacuation Pause)
[2026-05-23T14:43:12.739+0530][gc,task       ] GC(3) Using 10 workers of 10 for evacuation
[2026-05-23T14:43:12.742+0530][gc,phases     ] GC(3)   Pre Evacuate Collection Set: 0.0ms
[2026-05-23T14:43:12.742+0530][gc,phases     ] GC(3)   Evacuate Collection Set: 2.0ms
[2026-05-23T14:43:12.743+0530][gc,phases     ] GC(3)   Post Evacuate Collection Set: 0.9ms
[2026-05-23T14:43:12.743+0530][gc,phases     ] GC(3)   Other: 0.8ms
[2026-05-23T14:43:12.743+0530][gc,heap       ] GC(3) Eden regions: 49->0(47)
[2026-05-23T14:43:12.743+0530][gc,heap       ] GC(3) Survivor regions: 2->4(7)
[2026-05-23T14:43:12.743+0530][gc,heap       ] GC(3) Old regions: 10->10
[2026-05-23T14:43:12.744+0530][gc,heap       ] GC(3) Humongous regions: 0->0
[2026-05-23T14:43:12.744+0530][gc,metaspace  ] GC(3) Metaspace: 27711K(28928K)->27711K(28928K) NonClass: 24563K(25344K)->24563K(25344K) Class: 3148K(3584K)->3148K(3584K)
[2026-05-23T14:43:12.744+0530][gc            ] GC(3) Pause Young (Normal) (G1 Evacuation Pause) 58M->12M(1024M) 5.691ms
[2026-05-23T14:43:12.744+0530][gc,cpu        ] GC(3) User=0.01s Sys=0.00s Real=0.00s
[2026-05-23T14:43:13.403+0530][gc,start      ] GC(4) Pause Young (Concurrent Start) (Metadata GC Threshold)
[2026-05-23T14:43:13.404+0530][gc,task       ] GC(4) Using 10 workers of 10 for evacuation
[2026-05-23T14:43:13.411+0530][gc,phases     ] GC(4)   Pre Evacuate Collection Set: 0.1ms
[2026-05-23T14:43:13.412+0530][gc,phases     ] GC(4)   Evacuate Collection Set: 6.6ms
[2026-05-23T14:43:13.412+0530][gc,phases     ] GC(4)   Post Evacuate Collection Set: 0.8ms
[2026-05-23T14:43:13.412+0530][gc,phases     ] GC(4)   Other: 0.7ms
[2026-05-23T14:43:13.412+0530][gc,heap       ] GC(4) Eden regions: 45->0(47)
[2026-05-23T14:43:13.412+0530][gc,heap       ] GC(4) Survivor regions: 4->4(7)
[2026-05-23T14:43:13.413+0530][gc,heap       ] GC(4) Old regions: 10->11
[2026-05-23T14:43:13.413+0530][gc,heap       ] GC(4) Humongous regions: 9->9
[2026-05-23T14:43:13.413+0530][gc,metaspace  ] GC(4) Metaspace: 34494K(35840K)->34494K(35840K) NonClass: 30541K(31360K)->30541K(31360K) Class: 3953K(4480K)->3953K(4480K)
[2026-05-23T14:43:13.413+0530][gc            ] GC(4) Pause Young (Concurrent Start) (Metadata GC Threshold) 65M->22M(1024M) 9.855ms
[2026-05-23T14:43:13.413+0530][gc,cpu        ] GC(4) User=0.05s Sys=0.00s Real=0.01s
[2026-05-23T14:43:13.414+0530][gc            ] GC(5) Concurrent Cycle
[2026-05-23T14:43:13.414+0530][gc,marking    ] GC(5) Concurrent Clear Claimed Marks
[2026-05-23T14:43:13.415+0530][gc,marking    ] GC(5) Concurrent Clear Claimed Marks 0.475ms
[2026-05-23T14:43:13.415+0530][gc,marking    ] GC(5) Concurrent Scan Root Regions
[2026-05-23T14:43:13.416+0530][gc,marking    ] GC(5) Concurrent Scan Root Regions 1.620ms
[2026-05-23T14:43:13.417+0530][gc,marking    ] GC(5) Concurrent Mark (4.868s)
[2026-05-23T14:43:13.417+0530][gc,marking    ] GC(5) Concurrent Mark From Roots
[2026-05-23T14:43:13.417+0530][gc,task       ] GC(5) Using 3 workers of 3 for marking
[2026-05-23T14:43:13.422+0530][gc,marking    ] GC(5) Concurrent Mark From Roots 4.504ms
[2026-05-23T14:43:13.422+0530][gc,marking    ] GC(5) Concurrent Preclean
[2026-05-23T14:43:13.423+0530][gc,marking    ] GC(5) Concurrent Preclean 0.461ms
[2026-05-23T14:43:13.423+0530][gc,marking    ] GC(5) Concurrent Mark (4.868s, 4.874s) 6.144ms
[2026-05-23T14:43:13.424+0530][gc,start      ] GC(5) Pause Remark
[2026-05-23T14:43:13.426+0530][gc,stringtable] GC(5) Cleaned string and symbol table, strings: 9820 processed, 10 removed, symbols: 83770 processed, 18 removed
[2026-05-23T14:43:13.427+0530][gc            ] GC(5) Pause Remark 23M->23M(1024M) 3.378ms
[2026-05-23T14:43:13.427+0530][gc,cpu        ] GC(5) User=0.02s Sys=0.00s Real=0.00s
[2026-05-23T14:43:13.428+0530][gc,marking    ] GC(5) Concurrent Rebuild Remembered Sets
[2026-05-23T14:43:13.430+0530][gc,marking    ] GC(5) Concurrent Rebuild Remembered Sets 2.519ms
[2026-05-23T14:43:13.431+0530][gc,start      ] GC(5) Pause Cleanup
[2026-05-23T14:43:13.432+0530][gc            ] GC(5) Pause Cleanup 23M->23M(1024M) 0.543ms
[2026-05-23T14:43:13.432+0530][gc,cpu        ] GC(5) User=0.00s Sys=0.00s Real=0.00s
[2026-05-23T14:43:13.432+0530][gc,marking    ] GC(5) Concurrent Cleanup for Next Mark
[2026-05-23T14:43:13.442+0530][gc,marking    ] GC(5) Concurrent Cleanup for Next Mark 10.169ms
[2026-05-23T14:43:13.443+0530][gc            ] GC(5) Concurrent Cycle 29.016ms
[2026-05-23T14:45:06.301+0530][gc,start      ] GC(6) Pause Young (Normal) (G1 Evacuation Pause)
[2026-05-23T14:45:06.302+0530][gc,task       ] GC(6) Using 10 workers of 10 for evacuation
[2026-05-23T14:45:06.314+0530][gc,phases     ] GC(6)   Pre Evacuate Collection Set: 4.4ms
[2026-05-23T14:45:06.315+0530][gc,phases     ] GC(6)   Evacuate Collection Set: 5.2ms
[2026-05-23T14:45:06.315+0530][gc,phases     ] GC(6)   Post Evacuate Collection Set: 2.0ms
[2026-05-23T14:45:06.315+0530][gc,phases     ] GC(6)   Other: 1.2ms
[2026-05-23T14:45:06.316+0530][gc,heap       ] GC(6) Eden regions: 47->0(45)
[2026-05-23T14:45:06.316+0530][gc,heap       ] GC(6) Survivor regions: 4->6(7)
[2026-05-23T14:45:06.316+0530][gc,heap       ] GC(6) Old regions: 11->14
[2026-05-23T14:45:06.316+0530][gc,heap       ] GC(6) Humongous regions: 138->138
[2026-05-23T14:45:06.316+0530][gc,metaspace  ] GC(6) Metaspace: 40513K(42368K)->40513K(42368K) NonClass: 35913K(36864K)->35913K(36864K) Class: 4599K(5504K)->4599K(5504K)
[2026-05-23T14:45:06.317+0530][gc            ] GC(6) Pause Young (Normal) (G1 Evacuation Pause) 198M->155M(1024M) 15.274ms
[2026-05-23T14:45:06.317+0530][gc,cpu        ] GC(6) User=0.04s Sys=0.02s Real=0.02s
[2026-05-23T14:52:53.216+0530][gc,start      ] GC(7) Pause Young (Normal) (G1 Evacuation Pause)
[2026-05-23T14:52:53.216+0530][gc,task       ] GC(7) Using 10 workers of 10 for evacuation
[2026-05-23T14:52:53.224+0530][gc,phases     ] GC(7)   Pre Evacuate Collection Set: 1.2ms
[2026-05-23T14:52:53.224+0530][gc,phases     ] GC(7)   Evacuate Collection Set: 4.9ms
[2026-05-23T14:52:53.224+0530][gc,phases     ] GC(7)   Post Evacuate Collection Set: 0.9ms
[2026-05-23T14:52:53.225+0530][gc,phases     ] GC(7)   Other: 1.5ms
[2026-05-23T14:52:53.225+0530][gc,heap       ] GC(7) Eden regions: 45->0(49)
[2026-05-23T14:52:53.225+0530][gc,heap       ] GC(7) Survivor regions: 6->2(7)
[2026-05-23T14:52:53.225+0530][gc,heap       ] GC(7) Old regions: 14->19
[2026-05-23T14:52:53.226+0530][gc,heap       ] GC(7) Humongous regions: 138->138
[2026-05-23T14:52:53.226+0530][gc,metaspace  ] GC(7) Metaspace: 43011K(45056K)->43011K(45056K) NonClass: 38068K(39168K)->38068K(39168K) Class: 4943K(5888K)->4943K(5888K)
[2026-05-23T14:52:53.226+0530][gc            ] GC(7) Pause Young (Normal) (G1 Evacuation Pause) 200M->156M(1024M) 10.211ms
[2026-05-23T14:52:53.226+0530][gc,cpu        ] GC(7) User=0.02s Sys=0.03s Real=0.01s
[2026-05-23T15:01:35.923+0530][gc,start      ] GC(8) Pause Young (Normal) (G1 Evacuation Pause)
[2026-05-23T15:01:35.923+0530][gc,task       ] GC(8) Using 10 workers of 10 for evacuation
[2026-05-23T15:01:35.929+0530][gc,phases     ] GC(8)   Pre Evacuate Collection Set: 1.0ms
[2026-05-23T15:01:35.929+0530][gc,phases     ] GC(8)   Evacuate Collection Set: 3.4ms
[2026-05-23T15:01:35.930+0530][gc,phases     ] GC(8)   Post Evacuate Collection Set: 0.9ms
[2026-05-23T15:01:35.930+0530][gc,phases     ] GC(8)   Other: 0.9ms
[2026-05-23T15:01:35.930+0530][gc,heap       ] GC(8) Eden regions: 49->0(47)
[2026-05-23T15:01:35.930+0530][gc,heap       ] GC(8) Survivor regions: 2->4(7)
[2026-05-23T15:01:35.930+0530][gc,heap       ] GC(8) Old regions: 19->19
[2026-05-23T15:01:35.931+0530][gc,heap       ] GC(8) Humongous regions: 138->138
[2026-05-23T15:01:35.931+0530][gc,metaspace  ] GC(8) Metaspace: 44354K(46848K)->44354K(46848K) NonClass: 39270K(40704K)->39270K(40704K) Class: 5084K(6144K)->5084K(6144K)
[2026-05-23T15:01:35.931+0530][gc            ] GC(8) Pause Young (Normal) (G1 Evacuation Pause) 205M->158M(1024M) 8.088ms
[2026-05-23T15:01:35.931+0530][gc,cpu        ] GC(8) User=0.03s Sys=0.00s Real=0.01s
