[2026-05-11T11:07:57.028+0530][gc,heap] Heap region size: 1M
[2026-05-11T11:07:57.040+0530][gc     ] Using G1
[2026-05-11T11:07:57.040+0530][gc,heap,coops] Heap address: 0x00000000e0000000, size: 512 MB, Compressed Oops mode: 32-bit
[2026-05-11T11:07:57.042+0530][gc,cds       ] Mark closed archive regions in map: [0x00000000fff00000, 0x00000000fff6bff8]
[2026-05-11T11:07:57.042+0530][gc,cds       ] Mark open archive regions in map: [0x00000000ffe00000, 0x00000000ffe47ff8]
[2026-05-11T11:07:58.242+0530][gc,start     ] GC(0) Pause Young (Normal) (G1 Evacuation Pause)
[2026-05-11T11:07:58.244+0530][gc,task      ] GC(0) Using 10 workers of 10 for evacuation
[2026-05-11T11:07:58.253+0530][gc,phases    ] GC(0)   Pre Evacuate Collection Set: 0.0ms
[2026-05-11T11:07:58.253+0530][gc,phases    ] GC(0)   Evacuate Collection Set: 7.4ms
[2026-05-11T11:07:58.254+0530][gc,phases    ] GC(0)   Post Evacuate Collection Set: 0.6ms
[2026-05-11T11:07:58.254+0530][gc,phases    ] GC(0)   Other: 2.9ms
[2026-05-11T11:07:58.254+0530][gc,heap      ] GC(0) Eden regions: 25->0(21)
[2026-05-11T11:07:58.254+0530][gc,heap      ] GC(0) Survivor regions: 0->4(4)
[2026-05-11T11:07:58.254+0530][gc,heap      ] GC(0) Old regions: 2->6
[2026-05-11T11:07:58.255+0530][gc,heap      ] GC(0) Humongous regions: 0->0
[2026-05-11T11:07:58.255+0530][gc,metaspace ] GC(0) Metaspace: 6796K(7424K)->6796K(7424K) NonClass: 6031K(6400K)->6031K(6400K) Class: 764K(1024K)->764K(1024K)
[2026-05-11T11:07:58.255+0530][gc           ] GC(0) Pause Young (Normal) (G1 Evacuation Pause) 25M->8M(512M) 12.833ms
[2026-05-11T11:07:58.255+0530][gc,cpu       ] GC(0) User=0.04s Sys=0.03s Real=0.01s
[2026-05-11T11:08:46.116+0530][gc,heap,exit ] Heap
[2026-05-11T11:08:46.116+0530][gc,heap,exit ]  garbage-first heap   total 524288K, used 24944K [0x00000000e0000000, 0x0000000100000000)
[2026-05-11T11:08:46.116+0530][gc,heap,exit ]   region size 1024K, 21 young (21504K), 4 survivors (4096K)
[2026-05-11T11:08:46.117+0530][gc,heap,exit ]  Metaspace       used 9073K, capacity 9464K, committed 9728K, reserved 1058816K
[2026-05-11T11:08:46.117+0530][gc,heap,exit ]   class space    used 1000K, capacity 1163K, committed 1280K, reserved 1048576K
